[ckpt-iter1943 vs alphabeta-d3] Completed 20/500 games...
[ckpt-iter1943 vs alphabeta-d3] Completed 40/500 games...
[ckpt-iter1943 vs alphabeta-d3] Completed 60/500 games...
[ckpt-iter1943 vs alphabeta-d3] Completed 80/500 games...
[ckpt-iter1943 vs alphabeta-d3] Completed 100/500 games...
[ckpt-iter1943 vs alphabeta-d3] Completed 120/500 games...
[ckpt-iter1943 vs alphabeta-d3] Completed 140/500 games...
[ckpt-iter1943 vs alphabeta-d3] Completed 160/500 games...
[ckpt-iter1943 vs alphabeta-d3] Completed 180/500 games...
[ckpt-iter1943 vs alphabeta-d3] Completed 200/500 games...
[ckpt-iter1943 vs alphabeta-d3] Completed 220/500 games...
[ckpt-iter1943 vs alphabeta-d3] Completed 240/500 games...
[ckpt-iter1943 vs alphabeta-d3] Completed 260/500 games...
[ckpt-iter1943 vs alphabeta-d3] Completed 280/500 games...
[ckpt-iter1943 vs alphabeta-d3] Completed 300/500 games...
[ckpt-iter1943 vs alphabeta-d3] Completed 320/500 games...
[ckpt-iter1943 vs alphabeta-d3] Completed 340/500 games...
[ckpt-iter1943 vs alphabeta-d3] Completed 360/500 games...
[ckpt-iter1943 vs alphabeta-d3] Completed 380/500 games...
[ckpt-iter1943 vs alphabeta-d3] Completed 400/500 games...
[ckpt-iter1943 vs alphabeta-d3] Completed 420/500 games...
[ckpt-iter1943 vs alphabeta-d3] Completed 440/500 games...
[ckpt-iter1943 vs alphabeta-d3] Completed 460/500 games...
[ckpt-iter1943 vs alphabeta-d3] Completed 480/500 games...
[ckpt-iter1943 vs alphabeta-d3] Completed 500/500 games...
==============================================================================================================
                                       TOURNAMENT LEADERBOARD & RATINGS
==============================================================================================================
Rank  Participant               Bayesian Elo (95% CI)     Glicko-2 (±RD)         Score%   W     D     L     Win%  
--------------------------------------------------------------------------------------------------------------
1     alphabeta-d3              1548.4 [±17.4]            1614.8 (±23.2)          61.1%  258   95    147    51.6%
2     ckpt-iter1943             1451.6 [±17.4]            1385.2 (±23.2)          38.9%  147   95    258    29.4%
==============================================================================================================
Total games played: 500
Side stats: X win rate = 43.4%, O win rate = 37.6%, Draw rate = 19.0%
Pairwise color bias delta: 0.00% across paired mirrors.
